// Jest Snapshot v1, https://goo.gl/fbAQLP

exports[`Recipe should match snapshot with all information passing in correctly 1`] = `
<section
  className="recipe"
>
  <h3>
     
    Gluten-Free Vegan Banana Peanut Butter Chocolate Chip Cookies
     
  </h3>
  <img
    alt="Gluten-Free Vegan Banana Peanut Butter Chocolate Chip Cookies"
    className="recipe-img"
    src="http://static.food2fork.com/BananaPeanutButterChocolateChipCookies13e87.jpg"
  />
  <p>
     By: 
    Two Peas and Their Pod
  </p>
  <button
    className="view-recipe-btn"
  >
    <a
      href="http://www.twopeasandtheirpod.com/gluten-free-vegan-banana-peanut-butter-chocolate-chip-cookies/"
    >
      View Recipe
    </a>
  </button>
</section>
`;
